Time resolution is 1 ps
T=0 | PC=00000000 | Instr=00000000 | ALU=00000000 | WD=00000000 | RD= 0 | RegWrite=0
T=15000 | PC=00000000 | Instr=00500293 | ALU=00000000 | WD=00000000 | RD= 0 | RegWrite=0
T=25000 | PC=00000004 | Instr=00600313 | ALU=00000000 | WD=00000000 | RD= 0 | RegWrite=0
T=35000 | PC=00000008 | Instr=0062e233 | ALU=00000005 | WD=00000000 | RD= 0 | RegWrite=0
T=45000 | PC=0000000c | Instr=006283b3 | ALU=00000006 | WD=00000000 | RD= 5 | RegWrite=1
T=55000 | PC=00000010 | Instr=40628433 | ALU=00000007 | WD=00000006 | RD= 6 | RegWrite=1
T=65000 | PC=00000014 | Instr=0062f4b3 | ALU=00000006 | WD=00000006 | RD= 4 | RegWrite=1
T=75000 | PC=00000018 | Instr=0062c533 | ALU=00000005 | WD=00000000 | RD= 7 | RegWrite=1
T=85000 | PC=0000001c | Instr=0062a5b3 | ALU=00000004 | WD=00000006 | RD= 8 | RegWrite=1
T=95000 | PC=00000020 | Instr=00628663 | ALU=00000003 | WD=00000006 | RD= 9 | RegWrite=1
T=105000 | PC=00000024 | Instr=00500293 | ALU=00000001 | WD=00000006 | RD=10 | RegWrite=1
T=115000 | PC=00000028 | Instr=00500313 | ALU=ffffffff | WD=00000006 | RD=11 | RegWrite=1
T=125000 | PC=0000002c | Instr=00628463 | ALU=00000005 | WD=00000005 | RD=12 | RegWrite=0
T=135000 | PC=00000030 | Instr=0062e233 | ALU=00000005 | WD=00000005 | RD= 5 | RegWrite=1
T=145000 | PC=00000034 | Instr=006283b3 | ALU=00000000 | WD=00000005 | RD= 6 | RegWrite=1
T=155000 | PC=00000032 | Instr=0062e233 | ALU=00000005 | WD=00000005 | RD= 8 | RegWrite=0
T=165000 | PC=00000036 | Instr=006283b3 | ALU=0000000b | WD=00000006 | RD= 4 | RegWrite=1
T=175000 | PC=0000003a | Instr=00502023 | ALU=00000005 | WD=00000005 | RD= 7 | RegWrite=1
T=185000 | PC=0000003e | Instr=00002403 | ALU=0000000a | WD=00000005 | RD= 4 | RegWrite=1
T=195000 | PC=00000042 | Instr=xxxxxxxx | ALU=00000000 | WD=00000005 | RD= 7 | RegWrite=1
T=205000 | PC=00000046 | Instr=xxxxxxxx | ALU=00000000 | WD=00000000 | RD= 0 | RegWrite=0
T=215000 | PC=0000004a | Instr=xxxxxxxx | ALU=xxxxxxxx | WD=xxxxxxxx | RD= 8 | RegWrite=1
T=225000 | PC=xxxxxxxx | Instr=xxxxxxxx | ALU=xxxxxxxx | WD=xxxxxxxx | RD= x | RegWrite=x
$finish called at time : 310 ns : File "C:/RiscV/Single_Cycle/Single_Cycle/Single_Cycle.srcs/sim_2/new/pipeline_tb.v" Line 50
